D:\Đồ án tốt nghiệp\Code\pos-saas-be\src\main\java\com\possaas\common\exception\BusinessException.java
D:\Đồ án tốt nghiệp\Code\pos-saas-be\src\main\java\com\possaas\common\exception\ConflictException.java
D:\Đồ án tốt nghiệp\Code\pos-saas-be\src\main\java\com\possaas\common\exception\GlobalExceptionHandler.java
D:\Đồ án tốt nghiệp\Code\pos-saas-be\src\main\java\com\possaas\common\exception\ResourceNotFoundException.java
D:\Đồ án tốt nghiệp\Code\pos-saas-be\src\main\java\com\possaas\common\persistence\BaseAuditable.java
D:\Đồ án tốt nghiệp\Code\pos-saas-be\src\main\java\com\possaas\common\security\CurrentTenantProvider.java
D:\Đồ án tốt nghiệp\Code\pos-saas-be\src\main\java\com\possaas\common\security\CurrentUser.java
D:\Đồ án tốt nghiệp\Code\pos-saas-be\src\main\java\com\possaas\common\security\CurrentUserProvider.java
D:\Đồ án tốt nghiệp\Code\pos-saas-be\src\main\java\com\possaas\common\security\PermissionEvaluator.java
D:\Đồ án tốt nghiệp\Code\pos-saas-be\src\main\java\com\possaas\config\CorsConfig.java
D:\Đồ án tốt nghiệp\Code\pos-saas-be\src\main\java\com\possaas\config\JacksonConfig.java
D:\Đồ án tốt nghiệp\Code\pos-saas-be\src\main\java\com\possaas\config\JwtConfig.java
D:\Đồ án tốt nghiệp\Code\pos-saas-be\src\main\java\com\possaas\config\JwtProperties.java
D:\Đồ án tốt nghiệp\Code\pos-saas-be\src\main\java\com\possaas\config\SecurityConfig.java
D:\Đồ án tốt nghiệp\Code\pos-saas-be\src\main\java\com\possaas\config\TimeConfig.java
D:\Đồ án tốt nghiệp\Code\pos-saas-be\src\main\java\com\possaas\infrastructure\security\JwtAuthenticationFilter.java
D:\Đồ án tốt nghiệp\Code\pos-saas-be\src\main\java\com\possaas\infrastructure\security\JwtTokenService.java
D:\Đồ án tốt nghiệp\Code\pos-saas-be\src\main\java\com\possaas\modules\audit\entity\AuditLog.java
D:\Đồ án tốt nghiệp\Code\pos-saas-be\src\main\java\com\possaas\modules\audit\repository\AuditLogRepository.java
D:\Đồ án tốt nghiệp\Code\pos-saas-be\src\main\java\com\possaas\modules\audit\service\AuditService.java
D:\Đồ án tốt nghiệp\Code\pos-saas-be\src\main\java\com\possaas\modules\auth\bootstrap\SuperAdminBootstrap.java
D:\Đồ án tốt nghiệp\Code\pos-saas-be\src\main\java\com\possaas\modules\auth\controller\AuthController.java
D:\Đồ án tốt nghiệp\Code\pos-saas-be\src\main\java\com\possaas\modules\auth\dto\AuthResponse.java
D:\Đồ án tốt nghiệp\Code\pos-saas-be\src\main\java\com\possaas\modules\auth\dto\LoginRequest.java
D:\Đồ án tốt nghiệp\Code\pos-saas-be\src\main\java\com\possaas\modules\auth\dto\MeResponse.java
D:\Đồ án tốt nghiệp\Code\pos-saas-be\src\main\java\com\possaas\modules\auth\dto\RefreshRequest.java
D:\Đồ án tốt nghiệp\Code\pos-saas-be\src\main\java\com\possaas\modules\auth\dto\RegisterRestaurantRequest.java
D:\Đồ án tốt nghiệp\Code\pos-saas-be\src\main\java\com\possaas\modules\auth\entity\AuthRefreshToken.java
D:\Đồ án tốt nghiệp\Code\pos-saas-be\src\main\java\com\possaas\modules\auth\repository\AuthRefreshTokenRepository.java
D:\Đồ án tốt nghiệp\Code\pos-saas-be\src\main\java\com\possaas\modules\auth\service\AuthenticationService.java
D:\Đồ án tốt nghiệp\Code\pos-saas-be\src\main\java\com\possaas\modules\auth\service\AuthTokenService.java
D:\Đồ án tốt nghiệp\Code\pos-saas-be\src\main\java\com\possaas\modules\auth\service\RefreshTokenService.java
D:\Đồ án tốt nghiệp\Code\pos-saas-be\src\main\java\com\possaas\modules\authorization\entity\Permission.java
D:\Đồ án tốt nghiệp\Code\pos-saas-be\src\main\java\com\possaas\modules\authorization\entity\PermissionEffect.java
D:\Đồ án tốt nghiệp\Code\pos-saas-be\src\main\java\com\possaas\modules\authorization\entity\Role.java
D:\Đồ án tốt nghiệp\Code\pos-saas-be\src\main\java\com\possaas\modules\authorization\entity\RolePermission.java
D:\Đồ án tốt nghiệp\Code\pos-saas-be\src\main\java\com\possaas\modules\authorization\entity\RolePermissionId.java
D:\Đồ án tốt nghiệp\Code\pos-saas-be\src\main\java\com\possaas\modules\authorization\entity\UserPermission.java
D:\Đồ án tốt nghiệp\Code\pos-saas-be\src\main\java\com\possaas\modules\authorization\entity\UserPermissionId.java
D:\Đồ án tốt nghiệp\Code\pos-saas-be\src\main\java\com\possaas\modules\authorization\repository\PermissionRepository.java
D:\Đồ án tốt nghiệp\Code\pos-saas-be\src\main\java\com\possaas\modules\authorization\repository\RolePermissionRepository.java
D:\Đồ án tốt nghiệp\Code\pos-saas-be\src\main\java\com\possaas\modules\authorization\repository\RoleRepository.java
D:\Đồ án tốt nghiệp\Code\pos-saas-be\src\main\java\com\possaas\modules\authorization\repository\UserPermissionRepository.java
D:\Đồ án tốt nghiệp\Code\pos-saas-be\src\main\java\com\possaas\modules\authorization\service\PermissionService.java
D:\Đồ án tốt nghiệp\Code\pos-saas-be\src\main\java\com\possaas\modules\restaurant\entity\Restaurant.java
D:\Đồ án tốt nghiệp\Code\pos-saas-be\src\main\java\com\possaas\modules\restaurant\entity\RestaurantStatus.java
D:\Đồ án tốt nghiệp\Code\pos-saas-be\src\main\java\com\possaas\modules\restaurant\repository\RestaurantRepository.java
D:\Đồ án tốt nghiệp\Code\pos-saas-be\src\main\java\com\possaas\modules\restaurant\service\RestaurantRegistrationService.java
D:\Đồ án tốt nghiệp\Code\pos-saas-be\src\main\java\com\possaas\modules\subscription\application\port\CurrentEntitlementQuery.java
D:\Đồ án tốt nghiệp\Code\pos-saas-be\src\main\java\com\possaas\modules\subscription\application\port\FeatureAccessChecker.java
D:\Đồ án tốt nghiệp\Code\pos-saas-be\src\main\java\com\possaas\modules\subscription\controller\AdminPackageController.java
D:\Đồ án tốt nghiệp\Code\pos-saas-be\src\main\java\com\possaas\modules\subscription\controller\AdminSubscriptionController.java
D:\Đồ án tốt nghiệp\Code\pos-saas-be\src\main\java\com\possaas\modules\subscription\controller\PackageController.java
D:\Đồ án tốt nghiệp\Code\pos-saas-be\src\main\java\com\possaas\modules\subscription\controller\SubscriptionController.java
D:\Đồ án tốt nghiệp\Code\pos-saas-be\src\main\java\com\possaas\modules\subscription\domain\CurrentEntitlement.java
D:\Đồ án tốt nghiệp\Code\pos-saas-be\src\main\java\com\possaas\modules\subscription\domain\SubscriptionFeatureSnapshot.java
D:\Đồ án tốt nghiệp\Code\pos-saas-be\src\main\java\com\possaas\modules\subscription\domain\SubscriptionValidityPolicy.java
D:\Đồ án tốt nghiệp\Code\pos-saas-be\src\main\java\com\possaas\modules\subscription\dto\AdminPackageResponse.java
D:\Đồ án tốt nghiệp\Code\pos-saas-be\src\main\java\com\possaas\modules\subscription\dto\ChangePackageRequest.java
D:\Đồ án tốt nghiệp\Code\pos-saas-be\src\main\java\com\possaas\modules\subscription\dto\CreateFeatureRequest.java
D:\Đồ án tốt nghiệp\Code\pos-saas-be\src\main\java\com\possaas\modules\subscription\dto\CreatePackageRequest.java
D:\Đồ án tốt nghiệp\Code\pos-saas-be\src\main\java\com\possaas\modules\subscription\dto\CreateSubscriptionRequest.java
D:\Đồ án tốt nghiệp\Code\pos-saas-be\src\main\java\com\possaas\modules\subscription\dto\CurrentEntitlementResponse.java
D:\Đồ án tốt nghiệp\Code\pos-saas-be\src\main\java\com\possaas\modules\subscription\dto\FeatureEntitlementResponse.java
D:\Đồ án tốt nghiệp\Code\pos-saas-be\src\main\java\com\possaas\modules\subscription\dto\FeatureResponse.java
D:\Đồ án tốt nghiệp\Code\pos-saas-be\src\main\java\com\possaas\modules\subscription\dto\PackageFeatureRequest.java
D:\Đồ án tốt nghiệp\Code\pos-saas-be\src\main\java\com\possaas\modules\subscription\dto\PackageResponse.java
D:\Đồ án tốt nghiệp\Code\pos-saas-be\src\main\java\com\possaas\modules\subscription\dto\PageResponse.java
D:\Đồ án tốt nghiệp\Code\pos-saas-be\src\main\java\com\possaas\modules\subscription\dto\SubscriptionResponse.java
D:\Đồ án tốt nghiệp\Code\pos-saas-be\src\main\java\com\possaas\modules\subscription\dto\UpdateFeatureRequest.java
D:\Đồ án tốt nghiệp\Code\pos-saas-be\src\main\java\com\possaas\modules\subscription\dto\UpdatePackageRequest.java
D:\Đồ án tốt nghiệp\Code\pos-saas-be\src\main\java\com\possaas\modules\subscription\entity\Feature.java
D:\Đồ án tốt nghiệp\Code\pos-saas-be\src\main\java\com\possaas\modules\subscription\entity\PackageFeature.java
D:\Đồ án tốt nghiệp\Code\pos-saas-be\src\main\java\com\possaas\modules\subscription\entity\PackageFeatureId.java
D:\Đồ án tốt nghiệp\Code\pos-saas-be\src\main\java\com\possaas\modules\subscription\entity\PackagePlan.java
D:\Đồ án tốt nghiệp\Code\pos-saas-be\src\main\java\com\possaas\modules\subscription\entity\RestaurantSubscription.java
D:\Đồ án tốt nghiệp\Code\pos-saas-be\src\main\java\com\possaas\modules\subscription\entity\SubscriptionStatus.java
D:\Đồ án tốt nghiệp\Code\pos-saas-be\src\main\java\com\possaas\modules\subscription\mapper\PackageMapper.java
D:\Đồ án tốt nghiệp\Code\pos-saas-be\src\main\java\com\possaas\modules\subscription\mapper\SubscriptionMapper.java
D:\Đồ án tốt nghiệp\Code\pos-saas-be\src\main\java\com\possaas\modules\subscription\repository\FeatureRepository.java
D:\Đồ án tốt nghiệp\Code\pos-saas-be\src\main\java\com\possaas\modules\subscription\repository\PackageFeatureRepository.java
D:\Đồ án tốt nghiệp\Code\pos-saas-be\src\main\java\com\possaas\modules\subscription\repository\PackagePlanRepository.java
D:\Đồ án tốt nghiệp\Code\pos-saas-be\src\main\java\com\possaas\modules\subscription\repository\RestaurantSubscriptionRepository.java
D:\Đồ án tốt nghiệp\Code\pos-saas-be\src\main\java\com\possaas\modules\subscription\security\FeatureSecurity.java
D:\Đồ án tốt nghiệp\Code\pos-saas-be\src\main\java\com\possaas\modules\subscription\service\EntitlementService.java
D:\Đồ án tốt nghiệp\Code\pos-saas-be\src\main\java\com\possaas\modules\subscription\service\FeatureAdminService.java
D:\Đồ án tốt nghiệp\Code\pos-saas-be\src\main\java\com\possaas\modules\subscription\service\FeatureSnapshotFactory.java
D:\Đồ án tốt nghiệp\Code\pos-saas-be\src\main\java\com\possaas\modules\subscription\service\PackageAdminService.java
D:\Đồ án tốt nghiệp\Code\pos-saas-be\src\main\java\com\possaas\modules\subscription\service\PackageFeatureCatalog.java
D:\Đồ án tốt nghiệp\Code\pos-saas-be\src\main\java\com\possaas\modules\subscription\service\PackageQueryService.java
D:\Đồ án tốt nghiệp\Code\pos-saas-be\src\main\java\com\possaas\modules\subscription\service\SubscriptionCommandService.java
D:\Đồ án tốt nghiệp\Code\pos-saas-be\src\main\java\com\possaas\modules\subscription\service\SubscriptionQueryService.java
D:\Đồ án tốt nghiệp\Code\pos-saas-be\src\main\java\com\possaas\modules\user\entity\User.java
D:\Đồ án tốt nghiệp\Code\pos-saas-be\src\main\java\com\possaas\modules\user\repository\UserRepository.java
D:\Đồ án tốt nghiệp\Code\pos-saas-be\src\main\java\com\possaas\PosSaasBeApplication.java
